=== continual learning at 1,000,000 tokens per phase, split=cross_domain ===
Loading text8 (A=1,000,000) + Gutenberg (B=1,000,000) ...
  book_id=   11:    27,572 tokens (cached)
  book_id=   12:    31,256 tokens (cached)
  book_id=   16:    48,186 tokens (cached)
  book_id=   74:    74,536 tokens (cached)
  book_id=   76:   117,929 tokens (cached)
  book_id=   84:    75,562 tokens (cached)
  book_id=   98:   138,634 tokens (cached)
  book_id=  174:    80,631 tokens (cached)
  book_id=  345:   163,804 tokens (cached)
  book_id= 1342:   128,864 tokens (cached)
  book_id= 1661:   106,133 tokens (cached)
  book_id= 2701:   219,575 tokens (cached)

  total: 1,000,000 tokens from 12 books
Applying matched preprocessing (chunking + subsampling) ...
Joint vocab size: 10000
a_only: 3492  b_only: 1364  shared: 5143
SimLex partitions: a_only=15 b_only=8 shared=527 cross=202 total_in_vocab=752

--- ssh ---

  SSH phase 1: loading cached state from runs/arb139/proportional_lambda_2026-05-02/ssh_phase1_caches/seed_4.pkl
    cache hit: A shape=(10000, 1024), snap1 (k_eval=160) size=10000
  consolidation: bonus=0.5 mode=proportional on top_k=40 phase-1 bits per word
  SSH phase 2: continuing on B (698,721 tokens, 1 epoch, n_workers=4) ...
    phase 2 epoch 1/1 done (125.0s)
    phase 2 total trained in 125.2s
    phase1 |   a_only | simlex=+0.6960  n=15
    phase1 |   b_only | simlex=-0.4338  n=8
    phase1 |   shared | simlex=+0.1542  n=527
    phase1 |    cross | simlex=+0.1063  n=202
    phase2 |   a_only | simlex=+0.6960  n=15
    phase2 |   b_only | simlex=-0.4762  n=8
    phase2 |   shared | simlex=+0.0095  n=527
    phase2 |    cross | simlex=+0.2296  n=202
    drift on A-only words (n=3492): mean=1.000  p10=1.000  p50=1.000
    drift on shared words (n=5143): mean=0.520  p10=0.345  p50=0.524

Wrote runs/arb139/proportional_lambda_2026-05-02/seed_4/ssh_proportional/results.csv
Wrote runs/arb139/proportional_lambda_2026-05-02/seed_4/ssh_proportional/per_word_drift.csv
