=== seed=0 variant=ssh_baseline ===
=== continual learning at 1,000,000 tokens per phase, split=cross_domain ===
Loading text8 (A=1,000,000) + Gutenberg (B=1,000,000) ...
  book_id=   11:    27,572 tokens (cached)
  book_id=   12:    31,256 tokens (cached)
  book_id=   16:    48,186 tokens (cached)
  book_id=   74:    74,536 tokens (downloaded)
  book_id=   76:   117,929 tokens (downloaded)
  book_id=   84:    75,562 tokens (downloaded)
  book_id=   98:   138,634 tokens (downloaded)
  book_id=  174:    80,631 tokens (downloaded)
  book_id=  345:   163,804 tokens (downloaded)
  book_id= 1342:   128,864 tokens (downloaded)
  book_id= 1661:   106,133 tokens (downloaded)
  book_id= 2701:   219,575 tokens (downloaded)

  total: 1,000,000 tokens from 12 books
Applying matched preprocessing (chunking + subsampling) ...
Joint vocab size: 10000
a_only: 3492  b_only: 1364  shared: 5143
SimLex partitions: a_only=15 b_only=8 shared=527 cross=202 total_in_vocab=752

--- ssh ---

  SSH phase 1: training on A (8 epochs, n_workers=4) ...
    phase 1 epoch 1/8 done (98.8s)  simlex=+0.1280 (n=527)
    phase 1 epoch 2/8 done (97.4s)  simlex=+0.1354 (n=527)
    phase 1 epoch 3/8 done (136.1s)  simlex=+0.1460 (n=527)
    phase 1 epoch 4/8 done (123.7s)  simlex=+0.1235 (n=527)
    phase 1 epoch 5/8 done (127.9s)  simlex=+0.1056 (n=527)
    phase 1 epoch 6/8 done (128.4s)  simlex=+0.1774 (n=527)
    phase 1 epoch 7/8 done (131.6s)  simlex=+0.1454 (n=527)
    phase 1 epoch 8/8 done (135.0s)  simlex=+0.1466 (n=527)
    final epoch SimLex +0.1466 below peak at epoch=6 (+0.1774); reverting to peak
    phase 1 total trained in 982.1s
    wrote per-epoch SimLex log to runs/arb139/proportional_lambda_2026-05-02/seed_0/ssh_baseline/ssh_phase1_epoch_simlex.csv
    cached phase-1 accumulator to runs/arb139/proportional_lambda_2026-05-02/ssh_phase1_caches/seed_0.pkl
  SSH phase 2: continuing on B (698,705 tokens, 1 epoch, n_workers=4) ...
    phase 2 epoch 1/1 done (133.0s)
    phase 2 total trained in 133.2s
    phase1 |   a_only | simlex=+0.5357  n=15
    phase1 |   b_only | simlex=-0.2196  n=8
    phase1 |   shared | simlex=+0.1774  n=527
    phase1 |    cross | simlex=+0.1276  n=202
    phase2 |   a_only | simlex=+0.5357  n=15
    phase2 |   b_only | simlex=-0.5030  n=8
    phase2 |   shared | simlex=-0.0189  n=527
    phase2 |    cross | simlex=+0.1191  n=202
    drift on A-only words (n=3492): mean=1.000  p10=1.000  p50=1.000
    drift on shared words (n=5143): mean=0.533  p10=0.296  p50=0.546

Wrote runs/arb139/proportional_lambda_2026-05-02/seed_0/ssh_baseline/results.csv
Wrote runs/arb139/proportional_lambda_2026-05-02/seed_0/ssh_baseline/per_word_drift.csv
=== seed=0 variant=ssh_absolute ===
=== continual learning at 1,000,000 tokens per phase, split=cross_domain ===
Loading text8 (A=1,000,000) + Gutenberg (B=1,000,000) ...
  book_id=   11:    27,572 tokens (cached)
  book_id=   12:    31,256 tokens (cached)
  book_id=   16:    48,186 tokens (cached)
  book_id=   74:    74,536 tokens (cached)
  book_id=   76:   117,929 tokens (cached)
  book_id=   84:    75,562 tokens (cached)
  book_id=   98:   138,634 tokens (cached)
  book_id=  174:    80,631 tokens (cached)
  book_id=  345:   163,804 tokens (cached)
  book_id= 1342:   128,864 tokens (cached)
  book_id= 1661:   106,133 tokens (cached)
  book_id= 2701:   219,575 tokens (cached)

  total: 1,000,000 tokens from 12 books
Applying matched preprocessing (chunking + subsampling) ...
Joint vocab size: 10000
a_only: 3492  b_only: 1364  shared: 5143
SimLex partitions: a_only=15 b_only=8 shared=527 cross=202 total_in_vocab=752

--- ssh ---

  SSH phase 1: loading cached state from runs/arb139/proportional_lambda_2026-05-02/ssh_phase1_caches/seed_0.pkl
    cache hit: A shape=(10000, 1024), snap1 (k_eval=160) size=10000
  consolidation: bonus=0.5 mode=absolute on top_k=40 phase-1 bits per word
  SSH phase 2: continuing on B (698,705 tokens, 1 epoch, n_workers=4) ...
    phase 2 epoch 1/1 done (137.1s)
    phase 2 total trained in 137.3s
    phase1 |   a_only | simlex=+0.5357  n=15
    phase1 |   b_only | simlex=-0.2196  n=8
    phase1 |   shared | simlex=+0.1774  n=527
    phase1 |    cross | simlex=+0.1276  n=202
    phase2 |   a_only | simlex=+0.5357  n=15
    phase2 |   b_only | simlex=-0.4217  n=8
    phase2 |   shared | simlex=-0.0258  n=527
    phase2 |    cross | simlex=+0.2893  n=202
    drift on A-only words (n=3492): mean=1.000  p10=1.000  p50=1.000
    drift on shared words (n=5143): mean=0.536  p10=0.290  p50=0.546

Wrote runs/arb139/proportional_lambda_2026-05-02/seed_0/ssh_absolute/results.csv
Wrote runs/arb139/proportional_lambda_2026-05-02/seed_0/ssh_absolute/per_word_drift.csv
=== seed=0 variant=ssh_proportional ===
=== continual learning at 1,000,000 tokens per phase, split=cross_domain ===
Loading text8 (A=1,000,000) + Gutenberg (B=1,000,000) ...
  book_id=   11:    27,572 tokens (cached)
  book_id=   12:    31,256 tokens (cached)
  book_id=   16:    48,186 tokens (cached)
  book_id=   74:    74,536 tokens (cached)
  book_id=   76:   117,929 tokens (cached)
  book_id=   84:    75,562 tokens (cached)
  book_id=   98:   138,634 tokens (cached)
  book_id=  174:    80,631 tokens (cached)
  book_id=  345:   163,804 tokens (cached)
  book_id= 1342:   128,864 tokens (cached)
  book_id= 1661:   106,133 tokens (cached)
  book_id= 2701:   219,575 tokens (cached)

  total: 1,000,000 tokens from 12 books
Applying matched preprocessing (chunking + subsampling) ...
Joint vocab size: 10000
a_only: 3492  b_only: 1364  shared: 5143
SimLex partitions: a_only=15 b_only=8 shared=527 cross=202 total_in_vocab=752

--- ssh ---

  SSH phase 1: loading cached state from runs/arb139/proportional_lambda_2026-05-02/ssh_phase1_caches/seed_0.pkl
    cache hit: A shape=(10000, 1024), snap1 (k_eval=160) size=10000
  consolidation: bonus=0.5 mode=proportional on top_k=40 phase-1 bits per word
  SSH phase 2: continuing on B (698,705 tokens, 1 epoch, n_workers=4) ...
    phase 2 epoch 1/1 done (138.2s)
    phase 2 total trained in 138.4s
    phase1 |   a_only | simlex=+0.5357  n=15
    phase1 |   b_only | simlex=-0.2196  n=8
    phase1 |   shared | simlex=+0.1774  n=527
    phase1 |    cross | simlex=+0.1276  n=202
    phase2 |   a_only | simlex=+0.5357  n=15
    phase2 |   b_only | simlex=-0.2087  n=8
    phase2 |   shared | simlex=+0.0226  n=527
    phase2 |    cross | simlex=+0.2391  n=202
    drift on A-only words (n=3492): mean=1.000  p10=1.000  p50=1.000
    drift on shared words (n=5143): mean=0.537  p10=0.306  p50=0.546

Wrote runs/arb139/proportional_lambda_2026-05-02/seed_0/ssh_proportional/results.csv
Wrote runs/arb139/proportional_lambda_2026-05-02/seed_0/ssh_proportional/per_word_drift.csv
=== seed=0 variant=w2v_baseline ===
=== continual learning at 1,000,000 tokens per phase, split=cross_domain ===
Loading text8 (A=1,000,000) + Gutenberg (B=1,000,000) ...
  book_id=   11:    27,572 tokens (cached)
  book_id=   12:    31,256 tokens (cached)
  book_id=   16:    48,186 tokens (cached)
  book_id=   74:    74,536 tokens (cached)
  book_id=   76:   117,929 tokens (cached)
  book_id=   84:    75,562 tokens (cached)
  book_id=   98:   138,634 tokens (cached)
  book_id=  174:    80,631 tokens (cached)
  book_id=  345:   163,804 tokens (cached)
  book_id= 1342:   128,864 tokens (cached)
  book_id= 1661:   106,133 tokens (cached)
  book_id= 2701:   219,575 tokens (cached)

  total: 1,000,000 tokens from 12 books
Applying matched preprocessing (chunking + subsampling) ...
Joint vocab size: 10000
a_only: 3492  b_only: 1364  shared: 5143
SimLex partitions: a_only=15 b_only=8 shared=527 cross=202 total_in_vocab=752

--- word2vec ---

  word2vec phase 1: training on A (8 epochs) ...
    phase 1 trained in 11.8s
  word2vec phase 2: continuing on B (1 epochs) ...
    phase 2 trained in 1.3s
    phase1 |   a_only | simlex=+0.5143  n=15
    phase1 |   b_only | simlex=+0.1667  n=8
    phase1 |   shared | simlex=+0.1970  n=527
    phase1 |    cross | simlex=+0.1456  n=202
    phase2 |   a_only | simlex=+0.5143  n=15
    phase2 |   b_only | simlex=+0.0952  n=8
    phase2 |   shared | simlex=+0.0947  n=527
    phase2 |    cross | simlex=+0.1272  n=202
    drift on A-only words (n=3492): mean=1.000  p10=1.000  p50=1.000
    drift on shared words (n=5143): mean=0.964  p10=0.898  p50=0.985

Wrote runs/arb139/proportional_lambda_2026-05-02/seed_0/w2v_baseline/results.csv
Wrote runs/arb139/proportional_lambda_2026-05-02/seed_0/w2v_baseline/per_word_drift.csv
=== sweep complete ===
